addCostumer: SUCCESS
addCostumer: SUCCESS
addCostumer: ALREADY_EXISTS
addCostumer: INVALID_INPUT
getPhone: 94069
newMonth: SUCCESS
makeMember: SUCCESS
isMember: False
makeMember: SUCCESS
isMember: INVALID_INPUT
makeMember: ALREADY_EXISTS
buyRecord: SUCCESS
buyRecord: SUCCESS
buyRecord: SUCCESS
buyRecord: INVALID_INPUT
buyRecord: DOESNT_EXISTS
buyRecord: DOESNT_EXISTS
buyRecord: SUCCESS
getExpenses: 100
addPrize: SUCCESS
getExpenses: 258
putOnTop: SUCCESS
putOnTop: SUCCESS
getPlace: column=37, hight=12
getPlace: column=37, hight=1
getPlace: column=37, hight=0
