addCostumer: SUCCESS
addCostumer: SUCCESS
addCostumer: SUCCESS
addCostumer: SUCCESS
addCostumer: INVALID_INPUT
addCostumer: SUCCESS
addCostumer: SUCCESS
addCostumer: INVALID_INPUT
addCostumer: ALREADY_EXISTS
makeMember: SUCCESS
makeMember: SUCCESS
makeMember: SUCCESS
makeMember: SUCCESS
makeMember: SUCCESS
makeMember: DOESNT_EXISTS
addPrize: SUCCESS
addPrize: SUCCESS
addPrize: SUCCESS
addPrize: INVALID_INPUT
addPrize: INVALID_INPUT
addPrize: INVALID_INPUT
getExpenses: -8
getExpenses: -8
getExpenses: -5
getExpenses: 0
getExpenses: DOESNT_EXISTS
addPrize: SUCCESS
getExpenses: -15
getExpenses: -15
getExpenses: -15
getExpenses: -12
getExpenses: 0
getExpenses: DOESNT_EXISTS
getExpenses: INVALID_INPUT
getExpenses: DOESNT_EXISTS
